mode: set
collab-actor-demo/internal/actor/actor.go:28.34,30.2 1 0
collab-actor-demo/internal/actor/actor.go:33.43,35.2 1 0
collab-actor-demo/internal/actor/actor.go:38.40,42.5 1 0
collab-actor-demo/internal/actor/actor.go:42.5,44.3 1 0
collab-actor-demo/internal/actor/actor.go:45.2,45.12 1 0
collab-actor-demo/internal/actor/actor.go:49.62,53.5 1 0
collab-actor-demo/internal/actor/actor.go:53.5,55.3 1 0
collab-actor-demo/internal/actor/actor.go:56.2,56.12 1 0
collab-actor-demo/internal/actor/actor.go:60.69,65.5 2 0
collab-actor-demo/internal/actor/actor.go:65.5,67.3 1 0
collab-actor-demo/internal/actor/actor.go:68.2,68.24 1 0
collab-actor-demo/internal/actor/context.go:37.41,39.2 1 0
collab-actor-demo/internal/actor/context.go:41.43,42.22 1 0
collab-actor-demo/internal/actor/context.go:42.22,44.3 1 0
collab-actor-demo/internal/actor/context.go:45.2,45.25 1 0
collab-actor-demo/internal/actor/context.go:48.38,49.22 1 0
collab-actor-demo/internal/actor/context.go:49.22,51.3 1 0
collab-actor-demo/internal/actor/context.go:52.2,52.26 1 0
collab-actor-demo/internal/actor/context.go:55.71,57.2 1 0
collab-actor-demo/internal/actor/context.go:59.44,61.2 1 0
collab-actor-demo/internal/actor/context.go:63.45,64.44 1 0
collab-actor-demo/internal/actor/context.go:64.44,66.3 1 0
collab-actor-demo/internal/actor/context.go:69.47,70.47 1 0
collab-actor-demo/internal/actor/context.go:70.47,72.3 1 0
collab-actor-demo/internal/actor/context.go:75.71,77.35 1 0
collab-actor-demo/internal/actor/context.go:77.35,79.4 1 0
collab-actor-demo/internal/actor/context.go:83.45,84.50 1 0
collab-actor-demo/internal/actor/context.go:84.50,86.3 1 0
collab-actor-demo/internal/actor/context.go:87.2,87.15 1 0
collab-actor-demo/internal/actor/context.go:87.15,89.3 1 0
collab-actor-demo/internal/actor/context.go:90.2,92.12 3 0
collab-actor-demo/internal/actor/engine.go:19.45,20.49 1 0
collab-actor-demo/internal/actor/engine.go:20.49,22.3 1 0
collab-actor-demo/internal/actor/engine.go:25.44,26.49 1 0
collab-actor-demo/internal/actor/engine.go:26.49,28.3 1 0
collab-actor-demo/internal/actor/engine.go:31.70,32.15 1 0
collab-actor-demo/internal/actor/engine.go:32.15,33.31 1 0
collab-actor-demo/internal/actor/engine.go:33.31,35.4 1 0
collab-actor-demo/internal/actor/engine.go:38.2,41.24 4 0
collab-actor-demo/internal/actor/engine.go:59.46,64.34 1 0
collab-actor-demo/internal/actor/engine.go:64.34,64.64 1 0
collab-actor-demo/internal/actor/engine.go:67.2,67.27 1 0
collab-actor-demo/internal/actor/engine.go:67.27,69.3 1 0
collab-actor-demo/internal/actor/engine.go:70.2,70.10 1 0
collab-actor-demo/internal/actor/engine.go:74.36,76.2 1 0
collab-actor-demo/internal/actor/engine.go:79.65,83.41 3 0
collab-actor-demo/internal/actor/engine.go:83.41,85.3 1 0
collab-actor-demo/internal/actor/engine.go:87.2,92.22 5 0
collab-actor-demo/internal/actor/engine.go:95.72,105.46 4 0
collab-actor-demo/internal/actor/engine.go:105.46,107.3 1 0
collab-actor-demo/internal/actor/engine.go:109.2,114.3 1 0
collab-actor-demo/internal/actor/engine.go:117.51,118.15 1 0
collab-actor-demo/internal/actor/engine.go:118.15,122.3 3 0
collab-actor-demo/internal/actor/engine.go:124.2,126.6 2 0
collab-actor-demo/internal/actor/engine.go:126.6,128.10 2 0
collab-actor-demo/internal/actor/engine.go:128.10,131.4 2 0
collab-actor-demo/internal/actor/engine.go:133.3,133.44 1 0
collab-actor-demo/internal/actor/engine.go:133.44,136.4 2 0
collab-actor-demo/internal/actor/engine.go:138.3,139.34 2 0
collab-actor-demo/internal/actor/engine.go:139.34,142.4 2 0
collab-actor-demo/internal/actor/engine.go:143.3,143.63 1 0
collab-actor-demo/internal/actor/engine.go:148.56,153.9 4 0
collab-actor-demo/internal/actor/engine.go:153.9,155.3 1 0
collab-actor-demo/internal/actor/engine.go:156.2,156.23 1 0
collab-actor-demo/internal/actor/engine.go:160.36,162.17 2 0
collab-actor-demo/internal/actor/engine.go:162.17,164.3 1 0
collab-actor-demo/internal/actor/engine.go:167.58,171.9 4 0
collab-actor-demo/internal/actor/engine.go:171.9,173.3 1 0
collab-actor-demo/internal/actor/engine.go:174.2,175.13 2 0
collab-actor-demo/internal/actor/engine.go:179.35,181.2 1 0
collab-actor-demo/internal/actor/engine.go:184.65,187.35 3 0
collab-actor-demo/internal/actor/engine.go:187.35,190.3 2 0
collab-actor-demo/internal/actor/engine.go:191.2,193.33 2 0
collab-actor-demo/internal/actor/engine.go:193.33,195.3 1 0
collab-actor-demo/internal/actor/engine.go:197.2,197.33 1 0
collab-actor-demo/internal/actor/engine.go:197.33,198.10 1 0
collab-actor-demo/internal/actor/engine.go:199.24,199.24 0 0
collab-actor-demo/internal/actor/engine.go:200.21,201.102 1 0
collab-actor-demo/internal/actor/engine.go:204.2,204.12 1 0
collab-actor-demo/internal/actor/engine.go:207.63,209.33 2 0
collab-actor-demo/internal/actor/engine.go:209.33,210.10 1 0
collab-actor-demo/internal/actor/engine.go:211.24,211.24 0 0
collab-actor-demo/internal/actor/engine.go:212.11,213.11 1 0
collab-actor-demo/internal/actor/engine.go:216.2,216.14 1 0
collab-actor-demo/internal/actor/future.go:13.26,15.2 1 0
collab-actor-demo/internal/actor/future.go:17.38,18.9 1 0
collab-actor-demo/internal/actor/future.go:19.19,20.14 1 0
collab-actor-demo/internal/actor/future.go:21.10,22.15 1 0
collab-actor-demo/internal/actor/future.go:26.59,27.17 1 0
collab-actor-demo/internal/actor/future.go:27.17,29.3 1 0
collab-actor-demo/internal/actor/future.go:30.2,30.18 1 0
collab-actor-demo/internal/actor/future.go:30.18,31.10 1 0
collab-actor-demo/internal/actor/future.go:32.24,33.21 1 0
collab-actor-demo/internal/actor/future.go:34.11,35.57 1 0
collab-actor-demo/internal/actor/future.go:38.2,40.9 3 0
collab-actor-demo/internal/actor/future.go:41.23,42.20 1 0
collab-actor-demo/internal/actor/future.go:43.20,44.58 1 0
collab-actor-demo/internal/actor/logger.go:12.58,14.2 1 0
collab-actor-demo/internal/actor/mailbox.go:23.44,28.2 1 0
collab-actor-demo/internal/actor/mailbox.go:30.45,31.9 1 0
collab-actor-demo/internal/actor/mailbox.go:32.16,33.15 1 0
collab-actor-demo/internal/actor/mailbox.go:34.10,34.10 0 0
collab-actor-demo/internal/actor/mailbox.go:36.2,36.9 1 0
collab-actor-demo/internal/actor/mailbox.go:37.16,38.15 1 0
collab-actor-demo/internal/actor/mailbox.go:39.17,40.14 1 0
collab-actor-demo/internal/actor/mailbox.go:44.47,45.9 1 0
collab-actor-demo/internal/actor/mailbox.go:46.25,47.17 1 0
collab-actor-demo/internal/actor/mailbox.go:48.16,49.10 1 0
collab-actor-demo/internal/actor/mailbox.go:50.22,51.20 1 0
collab-actor-demo/internal/actor/mailbox.go:52.11,53.28 1 0
collab-actor-demo/internal/actor/mailbox.go:58.30,59.19 1 0
collab-actor-demo/internal/actor/mailbox.go:59.19,61.3 1 0
collab-actor-demo/internal/actor/metrics.go:58.34,62.2 1 0
collab-actor-demo/internal/actor/metrics.go:64.73,68.8 4 0
collab-actor-demo/internal/actor/metrics.go:68.8,70.3 1 0
collab-actor-demo/internal/actor/metrics.go:72.2,75.8 4 0
collab-actor-demo/internal/actor/metrics.go:75.8,77.3 1 0
collab-actor-demo/internal/actor/metrics.go:78.2,80.14 3 0
collab-actor-demo/internal/actor/metrics.go:83.52,86.2 2 0
collab-actor-demo/internal/actor/metrics.go:88.52,90.2 1 0
collab-actor-demo/internal/actor/metrics.go:92.80,96.2 3 0
collab-actor-demo/internal/actor/metrics.go:98.53,101.2 2 0
collab-actor-demo/internal/actor/metrics.go:103.54,106.2 2 0
collab-actor-demo/internal/actor/metrics.go:108.54,112.2 3 0
collab-actor-demo/internal/actor/metrics.go:114.62,118.2 3 0
collab-actor-demo/internal/actor/metrics.go:120.64,124.2 3 0
collab-actor-demo/internal/actor/metrics.go:126.56,131.40 4 0
collab-actor-demo/internal/actor/metrics.go:131.40,139.3 1 0
collab-actor-demo/internal/actor/metrics.go:141.2,147.3 1 0
collab-actor-demo/internal/actor/metrics.go:152.70,152.71 0 0
collab-actor-demo/internal/actor/metrics.go:153.70,153.71 0 0
collab-actor-demo/internal/actor/metrics.go:154.70,154.71 0 0
collab-actor-demo/internal/actor/metrics.go:155.70,155.71 0 0
collab-actor-demo/internal/actor/metrics.go:156.70,156.71 0 0
collab-actor-demo/internal/actor/metrics.go:157.70,157.71 0 0
collab-actor-demo/internal/actor/metrics.go:158.70,158.71 0 0
collab-actor-demo/internal/actor/metrics.go:159.70,159.71 0 0
collab-actor-demo/internal/actor/metrics.go:160.50,162.2 1 0
collab-actor-demo/internal/actor/option.go:7.40,8.25 1 0
collab-actor-demo/internal/actor/option.go:8.25,10.3 1 0
collab-actor-demo/internal/actor/option.go:14.51,15.25 1 0
collab-actor-demo/internal/actor/option.go:15.25,17.3 1 0
collab-actor-demo/internal/actor/option.go:21.56,22.25 1 0
collab-actor-demo/internal/actor/option.go:22.25,24.3 1 0
collab-actor-demo/internal/actor/option.go:28.45,29.25 1 0
collab-actor-demo/internal/actor/option.go:29.25,30.37 1 0
collab-actor-demo/internal/actor/option.go:30.37,30.68 1 0
collab-actor-demo/internal/actor/option.go:35.42,36.25 1 0
collab-actor-demo/internal/actor/option.go:36.25,38.3 1 0
collab-actor-demo/internal/actor/timer.go:11.26,13.2 1 0
collab-actor-demo/internal/actor/watch_manager.go:17.38,21.2 1 0
collab-actor-demo/internal/actor/watch_manager.go:23.62,27.9 3 0
collab-actor-demo/internal/actor/watch_manager.go:28.24,30.15 2 0
collab-actor-demo/internal/actor/watch_manager.go:31.10,31.10 0 0
collab-actor-demo/internal/actor/watch_manager.go:34.2,35.9 2 0
collab-actor-demo/internal/actor/watch_manager.go:35.9,42.3 3 0
collab-actor-demo/internal/actor/watch_manager.go:44.2,44.50 1 0
collab-actor-demo/internal/actor/watch_manager.go:44.50,46.3 1 0
collab-actor-demo/internal/actor/watch_manager.go:48.2,49.13 2 0
collab-actor-demo/internal/actor/watch_manager.go:52.65,57.9 4 0
collab-actor-demo/internal/actor/watch_manager.go:57.9,59.3 1 0
collab-actor-demo/internal/actor/watch_manager.go:61.2,61.51 1 0
collab-actor-demo/internal/actor/watch_manager.go:61.51,63.3 1 0
collab-actor-demo/internal/actor/watch_manager.go:65.2,67.30 2 0
collab-actor-demo/internal/actor/watch_manager.go:67.30,70.3 2 0
collab-actor-demo/internal/actor/watch_manager.go:72.2,72.13 1 0
collab-actor-demo/internal/actor/watch_manager.go:75.62,81.41 5 0
collab-actor-demo/internal/actor/watch_manager.go:81.41,82.51 1 0
collab-actor-demo/internal/actor/watch_manager.go:82.51,84.32 2 0
collab-actor-demo/internal/actor/watch_manager.go:84.32,87.5 2 0
collab-actor-demo/internal/actor/watch_manager.go:90.2,90.35 1 0
collab-actor-demo/internal/actor/watch_manager.go:90.35,93.3 2 0
collab-actor-demo/internal/actor/watch_manager.go:96.76,97.9 1 0
collab-actor-demo/internal/actor/watch_manager.go:98.24,98.24 0 0
collab-actor-demo/internal/actor/watch_manager.go:99.16,100.9 1 0
collab-actor-demo/internal/actor/watch_manager.go:103.2,105.18 3 0
collab-actor-demo/internal/actor/watch_manager.go:105.18,108.3 2 0
collab-actor-demo/internal/actor/watch_manager.go:109.2,110.38 2 0
collab-actor-demo/internal/actor/watch_manager.go:110.38,112.3 1 0
collab-actor-demo/internal/actor/watch_manager.go:113.2,116.35 3 0
collab-actor-demo/internal/actor/watch_manager.go:116.35,118.3 1 0
collab-actor-demo/internal/actor/actor.go:28.34,30.2 1 1
collab-actor-demo/internal/actor/actor.go:33.43,35.2 1 1
collab-actor-demo/internal/actor/actor.go:38.40,42.5 1 1
collab-actor-demo/internal/actor/actor.go:42.5,44.3 1 1
collab-actor-demo/internal/actor/actor.go:45.2,45.12 1 1
collab-actor-demo/internal/actor/actor.go:49.62,53.5 1 1
collab-actor-demo/internal/actor/actor.go:53.5,55.3 1 0
collab-actor-demo/internal/actor/actor.go:56.2,56.12 1 1
collab-actor-demo/internal/actor/actor.go:60.69,65.5 2 1
collab-actor-demo/internal/actor/actor.go:65.5,67.3 1 0
collab-actor-demo/internal/actor/actor.go:68.2,68.24 1 1
collab-actor-demo/internal/actor/context.go:37.41,39.2 1 0
collab-actor-demo/internal/actor/context.go:41.43,42.22 1 1
collab-actor-demo/internal/actor/context.go:42.22,44.3 1 0
collab-actor-demo/internal/actor/context.go:45.2,45.25 1 1
collab-actor-demo/internal/actor/context.go:48.38,49.22 1 1
collab-actor-demo/internal/actor/context.go:49.22,51.3 1 0
collab-actor-demo/internal/actor/context.go:52.2,52.26 1 1
collab-actor-demo/internal/actor/context.go:55.71,57.2 1 0
collab-actor-demo/internal/actor/context.go:59.44,61.2 1 0
collab-actor-demo/internal/actor/context.go:63.45,64.44 1 1
collab-actor-demo/internal/actor/context.go:64.44,66.3 1 1
collab-actor-demo/internal/actor/context.go:69.47,70.47 1 1
collab-actor-demo/internal/actor/context.go:70.47,72.3 1 1
collab-actor-demo/internal/actor/context.go:75.71,77.35 1 1
collab-actor-demo/internal/actor/context.go:77.35,79.4 1 1
collab-actor-demo/internal/actor/context.go:83.45,84.50 1 1
collab-actor-demo/internal/actor/context.go:84.50,86.3 1 1
collab-actor-demo/internal/actor/context.go:87.2,87.15 1 1
collab-actor-demo/internal/actor/context.go:87.15,89.3 1 1
collab-actor-demo/internal/actor/context.go:90.2,92.12 3 1
collab-actor-demo/internal/actor/engine.go:19.45,20.49 1 1
collab-actor-demo/internal/actor/engine.go:20.49,22.3 1 1
collab-actor-demo/internal/actor/engine.go:25.44,26.49 1 1
collab-actor-demo/internal/actor/engine.go:26.49,28.3 1 1
collab-actor-demo/internal/actor/engine.go:31.70,32.15 1 1
collab-actor-demo/internal/actor/engine.go:32.15,33.31 1 1
collab-actor-demo/internal/actor/engine.go:33.31,35.4 1 1
collab-actor-demo/internal/actor/engine.go:38.2,41.24 4 1
collab-actor-demo/internal/actor/engine.go:59.46,64.34 1 1
collab-actor-demo/internal/actor/engine.go:64.34,64.64 1 1
collab-actor-demo/internal/actor/engine.go:67.2,67.27 1 1
collab-actor-demo/internal/actor/engine.go:67.27,69.3 1 1
collab-actor-demo/internal/actor/engine.go:70.2,70.10 1 1
collab-actor-demo/internal/actor/engine.go:74.36,76.2 1 1
collab-actor-demo/internal/actor/engine.go:79.65,83.41 3 1
collab-actor-demo/internal/actor/engine.go:83.41,85.3 1 1
collab-actor-demo/internal/actor/engine.go:87.2,92.22 5 1
collab-actor-demo/internal/actor/engine.go:95.72,105.46 4 1
collab-actor-demo/internal/actor/engine.go:105.46,107.3 1 1
collab-actor-demo/internal/actor/engine.go:109.2,114.3 1 1
collab-actor-demo/internal/actor/engine.go:117.51,118.15 1 1
collab-actor-demo/internal/actor/engine.go:118.15,122.3 3 1
collab-actor-demo/internal/actor/engine.go:124.2,126.6 2 1
collab-actor-demo/internal/actor/engine.go:126.6,128.10 2 1
collab-actor-demo/internal/actor/engine.go:128.10,131.4 2 1
collab-actor-demo/internal/actor/engine.go:133.3,133.44 1 1
collab-actor-demo/internal/actor/engine.go:133.44,136.4 2 1
collab-actor-demo/internal/actor/engine.go:138.3,139.34 2 1
collab-actor-demo/internal/actor/engine.go:139.34,142.4 2 1
collab-actor-demo/internal/actor/engine.go:143.3,143.63 1 1
collab-actor-demo/internal/actor/engine.go:148.56,153.9 4 1
collab-actor-demo/internal/actor/engine.go:153.9,155.3 1 1
collab-actor-demo/internal/actor/engine.go:156.2,156.23 1 1
collab-actor-demo/internal/actor/engine.go:160.36,162.17 2 1
collab-actor-demo/internal/actor/engine.go:162.17,164.3 1 1
collab-actor-demo/internal/actor/engine.go:167.58,171.9 4 1
collab-actor-demo/internal/actor/engine.go:171.9,173.3 1 1
collab-actor-demo/internal/actor/engine.go:174.2,175.13 2 1
collab-actor-demo/internal/actor/engine.go:179.35,181.2 1 1
collab-actor-demo/internal/actor/engine.go:184.65,187.35 3 1
collab-actor-demo/internal/actor/engine.go:187.35,190.3 2 1
collab-actor-demo/internal/actor/engine.go:191.2,193.33 2 1
collab-actor-demo/internal/actor/engine.go:193.33,195.3 1 1
collab-actor-demo/internal/actor/engine.go:197.2,197.33 1 1
collab-actor-demo/internal/actor/engine.go:197.33,198.10 1 1
collab-actor-demo/internal/actor/engine.go:199.24,199.24 0 1
collab-actor-demo/internal/actor/engine.go:200.21,201.102 1 1
collab-actor-demo/internal/actor/engine.go:204.2,204.12 1 1
collab-actor-demo/internal/actor/engine.go:207.63,209.33 2 1
collab-actor-demo/internal/actor/engine.go:209.33,210.10 1 1
collab-actor-demo/internal/actor/engine.go:211.24,211.24 0 0
collab-actor-demo/internal/actor/engine.go:212.11,213.11 1 1
collab-actor-demo/internal/actor/engine.go:216.2,216.14 1 1
collab-actor-demo/internal/actor/future.go:13.26,15.2 1 1
collab-actor-demo/internal/actor/future.go:17.38,18.9 1 1
collab-actor-demo/internal/actor/future.go:19.19,20.14 1 1
collab-actor-demo/internal/actor/future.go:21.10,22.15 1 0
collab-actor-demo/internal/actor/future.go:26.59,27.17 1 1
collab-actor-demo/internal/actor/future.go:27.17,29.3 1 0
collab-actor-demo/internal/actor/future.go:30.2,30.18 1 1
collab-actor-demo/internal/actor/future.go:30.18,31.10 1 1
collab-actor-demo/internal/actor/future.go:32.24,33.21 1 0
collab-actor-demo/internal/actor/future.go:34.11,35.57 1 1
collab-actor-demo/internal/actor/future.go:38.2,40.9 3 1
collab-actor-demo/internal/actor/future.go:41.23,42.20 1 1
collab-actor-demo/internal/actor/future.go:43.20,44.58 1 1
collab-actor-demo/internal/actor/logger.go:12.58,14.2 1 1
collab-actor-demo/internal/actor/mailbox.go:23.44,28.2 1 1
collab-actor-demo/internal/actor/mailbox.go:30.45,31.9 1 1
collab-actor-demo/internal/actor/mailbox.go:32.16,33.15 1 1
collab-actor-demo/internal/actor/mailbox.go:34.10,34.10 0 1
collab-actor-demo/internal/actor/mailbox.go:36.2,36.9 1 1
collab-actor-demo/internal/actor/mailbox.go:37.16,38.15 1 0
collab-actor-demo/internal/actor/mailbox.go:39.17,40.14 1 1
collab-actor-demo/internal/actor/mailbox.go:44.47,45.9 1 1
collab-actor-demo/internal/actor/mailbox.go:46.25,47.17 1 1
collab-actor-demo/internal/actor/mailbox.go:48.16,49.10 1 1
collab-actor-demo/internal/actor/mailbox.go:50.22,51.20 1 1
collab-actor-demo/internal/actor/mailbox.go:52.11,53.28 1 1
collab-actor-demo/internal/actor/mailbox.go:58.30,59.19 1 1
collab-actor-demo/internal/actor/mailbox.go:59.19,61.3 1 1
collab-actor-demo/internal/actor/metrics.go:58.34,62.2 1 1
collab-actor-demo/internal/actor/metrics.go:64.73,68.8 4 1
collab-actor-demo/internal/actor/metrics.go:68.8,70.3 1 1
collab-actor-demo/internal/actor/metrics.go:72.2,75.8 4 1
collab-actor-demo/internal/actor/metrics.go:75.8,77.3 1 0
collab-actor-demo/internal/actor/metrics.go:78.2,80.14 3 1
collab-actor-demo/internal/actor/metrics.go:83.52,86.2 2 1
collab-actor-demo/internal/actor/metrics.go:88.52,90.2 1 1
collab-actor-demo/internal/actor/metrics.go:92.80,96.2 3 1
collab-actor-demo/internal/actor/metrics.go:98.53,101.2 2 0
collab-actor-demo/internal/actor/metrics.go:103.54,106.2 2 0
collab-actor-demo/internal/actor/metrics.go:108.54,112.2 3 1
collab-actor-demo/internal/actor/metrics.go:114.62,118.2 3 1
collab-actor-demo/internal/actor/metrics.go:120.64,124.2 3 1
collab-actor-demo/internal/actor/metrics.go:126.56,131.40 4 1
collab-actor-demo/internal/actor/metrics.go:131.40,139.3 1 1
collab-actor-demo/internal/actor/metrics.go:141.2,147.3 1 1
collab-actor-demo/internal/actor/metrics.go:152.70,152.71 0 1
collab-actor-demo/internal/actor/metrics.go:153.70,153.71 0 1
collab-actor-demo/internal/actor/metrics.go:154.70,154.71 0 1
collab-actor-demo/internal/actor/metrics.go:155.70,155.71 0 0
collab-actor-demo/internal/actor/metrics.go:156.70,156.71 0 0
collab-actor-demo/internal/actor/metrics.go:157.70,157.71 0 1
collab-actor-demo/internal/actor/metrics.go:158.70,158.71 0 1
collab-actor-demo/internal/actor/metrics.go:159.70,159.71 0 1
collab-actor-demo/internal/actor/metrics.go:160.50,162.2 1 0
collab-actor-demo/internal/actor/option.go:7.40,8.25 1 0
collab-actor-demo/internal/actor/option.go:8.25,10.3 1 0
collab-actor-demo/internal/actor/option.go:14.51,15.25 1 1
collab-actor-demo/internal/actor/option.go:15.25,17.3 1 1
collab-actor-demo/internal/actor/option.go:21.56,22.25 1 0
collab-actor-demo/internal/actor/option.go:22.25,24.3 1 0
collab-actor-demo/internal/actor/option.go:28.45,29.25 1 0
collab-actor-demo/internal/actor/option.go:29.25,30.37 1 0
collab-actor-demo/internal/actor/option.go:30.37,30.68 1 0
collab-actor-demo/internal/actor/option.go:35.42,36.25 1 1
collab-actor-demo/internal/actor/option.go:36.25,38.3 1 1
collab-actor-demo/internal/actor/timer.go:11.26,13.2 1 1
collab-actor-demo/internal/actor/watch_manager.go:17.38,21.2 1 1
collab-actor-demo/internal/actor/watch_manager.go:23.62,27.9 3 1
collab-actor-demo/internal/actor/watch_manager.go:28.24,30.15 2 1
collab-actor-demo/internal/actor/watch_manager.go:31.10,31.10 0 1
collab-actor-demo/internal/actor/watch_manager.go:34.2,35.9 2 1
collab-actor-demo/internal/actor/watch_manager.go:35.9,42.3 3 1
collab-actor-demo/internal/actor/watch_manager.go:44.2,44.50 1 1
collab-actor-demo/internal/actor/watch_manager.go:44.50,46.3 1 1
collab-actor-demo/internal/actor/watch_manager.go:48.2,49.13 2 1
collab-actor-demo/internal/actor/watch_manager.go:52.65,57.9 4 1
collab-actor-demo/internal/actor/watch_manager.go:57.9,59.3 1 1
collab-actor-demo/internal/actor/watch_manager.go:61.2,61.51 1 1
collab-actor-demo/internal/actor/watch_manager.go:61.51,63.3 1 0
collab-actor-demo/internal/actor/watch_manager.go:65.2,67.30 2 1
collab-actor-demo/internal/actor/watch_manager.go:67.30,70.3 2 1
collab-actor-demo/internal/actor/watch_manager.go:72.2,72.13 1 1
collab-actor-demo/internal/actor/watch_manager.go:75.62,81.41 5 1
collab-actor-demo/internal/actor/watch_manager.go:81.41,82.51 1 1
collab-actor-demo/internal/actor/watch_manager.go:82.51,84.32 2 1
collab-actor-demo/internal/actor/watch_manager.go:84.32,87.5 2 1
collab-actor-demo/internal/actor/watch_manager.go:90.2,90.35 1 1
collab-actor-demo/internal/actor/watch_manager.go:90.35,93.3 2 1
collab-actor-demo/internal/actor/watch_manager.go:96.76,97.9 1 1
collab-actor-demo/internal/actor/watch_manager.go:98.24,98.24 0 1
collab-actor-demo/internal/actor/watch_manager.go:99.16,100.9 1 1
collab-actor-demo/internal/actor/watch_manager.go:103.2,105.18 3 1
collab-actor-demo/internal/actor/watch_manager.go:105.18,108.3 2 1
collab-actor-demo/internal/actor/watch_manager.go:109.2,110.38 2 1
collab-actor-demo/internal/actor/watch_manager.go:110.38,112.3 1 1
collab-actor-demo/internal/actor/watch_manager.go:113.2,116.35 3 1
collab-actor-demo/internal/actor/watch_manager.go:116.35,118.3 1 1
